=== Building T4 ===
Info: *******************************************************************
Info: Running Quartus Prime Shell
    Info: Version 25.1std.0 Build 1129 10/21/2025 SC Lite Edition
    Info: Copyright (C) 2025  Altera Corporation. All rights reserved.
    Info: Your use of Altera Corporation's design tools, logic functions 
    Info: and other software and tools, and any partner logic 
    Info: functions, and any output files from any of the foregoing 
    Info: (including device programming or simulation files), and any 
    Info: associated documentation or information are expressly subject 
    Info: to the terms and conditions of the Altera Program License 
    Info: Subscription Agreement, the Altera Quartus Prime License Agreement,
    Info: the Altera IP License Agreement, or other applicable license
    Info: agreement, including, without limitation, that your use is for
    Info: the sole purpose of programming logic devices manufactured by
    Info: Altera and sold by Altera or its authorized distributors.  Please
    Info: refer to the Altera Software License Subscription Agreements 
    Info: on the Quartus Prime software download page.
    Info: Processing started: Tue Oct  6 22:15:57 2026
Info: Command: quartus_sh --flow compile cnn_full_small
Info: Quartus(args): compile cnn_full_small
Info: Project Name = /home/raone/hardware-trojan-fpga-cnn/trojan_T4/cnn_full_small
Info: Revision Name = cnn_full_small
Info: *******************************************************************
Info: Running Quartus Prime Analysis & Synthesis
    Info: Version 25.1std.0 Build 1129 10/21/2025 SC Lite Edition
    Info: Processing started: Tue Oct  6 22:15:58 2026
Info: Command: quartus_map --read_settings_files=on --write_settings_files=off cnn_full_small -c cnn_full_small
Info (20032): Parallel compilation is enabled and will use up to 8 processors
Info (12021): Found 2 design units, including 2 entities, in source file rtl/cnn_small_core_m10k.v
    Info (12023): Found entity 1: cnn_sp_ram File: /home/raone/hardware-trojan-fpga-cnn/trojan_T4/rtl/cnn_small_core_m10k.v Line: 4
    Info (12023): Found entity 2: cnn_small_core File: /home/raone/hardware-trojan-fpga-cnn/trojan_T4/rtl/cnn_small_core_m10k.v Line: 32
Info (12021): Found 1 design units, including 1 entities, in source file rtl/cnn_fpga_top.v
    Info (12023): Found entity 1: cnn_fpga_top File: /home/raone/hardware-trojan-fpga-cnn/trojan_T4/rtl/cnn_fpga_top.v Line: 3
Info (12127): Elaborating entity "cnn_fpga_top" for the top level hierarchy
Info (12128): Elaborating entity "cnn_small_core" for hierarchy "cnn_small_core:u_core" File: /home/raone/hardware-trojan-fpga-cnn/trojan_T4/rtl/cnn_fpga_top.v Line: 54
Warning (10230): Verilog HDL assignment warning at cnn_small_core_m10k.v(236): truncated value with size 32 to match size of target (10) File: /home/raone/hardware-trojan-fpga-cnn/trojan_T4/rtl/cnn_small_core_m10k.v Line: 236
Warning (10230): Verilog HDL assignment warning at cnn_small_core_m10k.v(237): truncated value with size 32 to match size of target (7) File: /home/raone/hardware-trojan-fpga-cnn/trojan_T4/rtl/cnn_small_core_m10k.v Line: 237
Warning (10230): Verilog HDL assignment warning at cnn_small_core_m10k.v(264): truncated value with size 32 to match size of target (10) File: /home/raone/hardware-trojan-fpga-cnn/trojan_T4/rtl/cnn_small_core_m10k.v Line: 264
Warning (10230): Verilog HDL assignment warning at cnn_small_core_m10k.v(265): truncated value with size 32 to match size of target (7) File: /home/raone/hardware-trojan-fpga-cnn/trojan_T4/rtl/cnn_small_core_m10k.v Line: 265
Warning (10230): Verilog HDL assignment warning at cnn_small_core_m10k.v(277): truncated value with size 32 to match size of target (10) File: /home/raone/hardware-trojan-fpga-cnn/trojan_T4/rtl/cnn_small_core_m10k.v Line: 277
Warning (10230): Verilog HDL assignment warning at cnn_small_core_m10k.v(278): truncated value with size 32 to match size of target (7) File: /home/raone/hardware-trojan-fpga-cnn/trojan_T4/rtl/cnn_small_core_m10k.v Line: 278
Warning (10230): Verilog HDL assignment warning at cnn_small_core_m10k.v(289): truncated value with size 32 to match size of target (13) File: /home/raone/hardware-trojan-fpga-cnn/trojan_T4/rtl/cnn_small_core_m10k.v Line: 289
Warning (10230): Verilog HDL assignment warning at cnn_small_core_m10k.v(325): truncated value with size 32 to match size of target (13) File: /home/raone/hardware-trojan-fpga-cnn/trojan_T4/rtl/cnn_small_core_m10k.v Line: 325
Warning (10230): Verilog HDL assignment warning at cnn_small_core_m10k.v(335): truncated value with size 32 to match size of target (13) File: /home/raone/hardware-trojan-fpga-cnn/trojan_T4/rtl/cnn_small_core_m10k.v Line: 335
Warning (10230): Verilog HDL assignment warning at cnn_small_core_m10k.v(342): truncated value with size 32 to match size of target (13) File: /home/raone/hardware-trojan-fpga-cnn/trojan_T4/rtl/cnn_small_core_m10k.v Line: 342
Warning (10230): Verilog HDL assignment warning at cnn_small_core_m10k.v(349): truncated value with size 32 to match size of target (13) File: /home/raone/hardware-trojan-fpga-cnn/trojan_T4/rtl/cnn_small_core_m10k.v Line: 349
Warning (10230): Verilog HDL assignment warning at cnn_small_core_m10k.v(361): truncated value with size 32 to match size of target (11) File: /home/raone/hardware-trojan-fpga-cnn/trojan_T4/rtl/cnn_small_core_m10k.v Line: 361
Warning (10230): Verilog HDL assignment warning at cnn_small_core_m10k.v(396): truncated value with size 32 to match size of target (11) File: /home/raone/hardware-trojan-fpga-cnn/trojan_T4/rtl/cnn_small_core_m10k.v Line: 396
Warning (10230): Verilog HDL assignment warning at cnn_small_core_m10k.v(398): truncated value with size 32 to match size of target (11) File: /home/raone/hardware-trojan-fpga-cnn/trojan_T4/rtl/cnn_small_core_m10k.v Line: 398
Warning (10230): Verilog HDL assignment warning at cnn_small_core_m10k.v(399): truncated value with size 32 to match size of target (11) File: /home/raone/hardware-trojan-fpga-cnn/trojan_T4/rtl/cnn_small_core_m10k.v Line: 399
Warning (10230): Verilog HDL assignment warning at cnn_small_core_m10k.v(497): truncated value with size 32 to match size of target (11) File: /home/raone/hardware-trojan-fpga-cnn/trojan_T4/rtl/cnn_small_core_m10k.v Line: 497
Warning (10230): Verilog HDL assignment warning at cnn_small_core_m10k.v(502): truncated value with size 32 to match size of target (11) File: /home/raone/hardware-trojan-fpga-cnn/trojan_T4/rtl/cnn_small_core_m10k.v Line: 502
Warning (10230): Verilog HDL assignment warning at cnn_small_core_m10k.v(510): truncated value with size 32 to match size of target (11) File: /home/raone/hardware-trojan-fpga-cnn/trojan_T4/rtl/cnn_small_core_m10k.v Line: 510
Warning (10230): Verilog HDL assignment warning at cnn_small_core_m10k.v(511): truncated value with size 32 to match size of target (11) File: /home/raone/hardware-trojan-fpga-cnn/trojan_T4/rtl/cnn_small_core_m10k.v Line: 511
Warning (10230): Verilog HDL assignment warning at cnn_small_core_m10k.v(524): truncated value with size 32 to match size of target (11) File: /home/raone/hardware-trojan-fpga-cnn/trojan_T4/rtl/cnn_small_core_m10k.v Line: 524
Warning (10230): Verilog HDL assignment warning at cnn_small_core_m10k.v(525): truncated value with size 32 to match size of target (11) File: /home/raone/hardware-trojan-fpga-cnn/trojan_T4/rtl/cnn_small_core_m10k.v Line: 525
Warning (10230): Verilog HDL assignment warning at cnn_small_core_m10k.v(537): truncated value with size 32 to match size of target (12) File: /home/raone/hardware-trojan-fpga-cnn/trojan_T4/rtl/cnn_small_core_m10k.v Line: 537
Warning (10230): Verilog HDL assignment warning at cnn_small_core_m10k.v(584): truncated value with size 32 to match size of target (12) File: /home/raone/hardware-trojan-fpga-cnn/trojan_T4/rtl/cnn_small_core_m10k.v Line: 584
Warning (10230): Verilog HDL assignment warning at cnn_small_core_m10k.v(593): truncated value with size 32 to match size of target (12) File: /home/raone/hardware-trojan-fpga-cnn/trojan_T4/rtl/cnn_small_core_m10k.v Line: 593
Warning (10230): Verilog HDL assignment warning at cnn_small_core_m10k.v(599): truncated value with size 32 to match size of target (12) File: /home/raone/hardware-trojan-fpga-cnn/trojan_T4/rtl/cnn_small_core_m10k.v Line: 599
Warning (10230): Verilog HDL assignment warning at cnn_small_core_m10k.v(605): truncated value with size 32 to match size of target (12) File: /home/raone/hardware-trojan-fpga-cnn/trojan_T4/rtl/cnn_small_core_m10k.v Line: 605
Warning (10230): Verilog HDL assignment warning at cnn_small_core_m10k.v(617): truncated value with size 32 to match size of target (10) File: /home/raone/hardware-trojan-fpga-cnn/trojan_T4/rtl/cnn_small_core_m10k.v Line: 617
Warning (10230): Verilog HDL assignment warning at cnn_small_core_m10k.v(646): truncated value with size 32 to match size of target (10) File: /home/raone/hardware-trojan-fpga-cnn/trojan_T4/rtl/cnn_small_core_m10k.v Line: 646
Warning (10230): Verilog HDL assignment warning at cnn_small_core_m10k.v(647): truncated value with size 32 to match size of target (13) File: /home/raone/hardware-trojan-fpga-cnn/trojan_T4/rtl/cnn_small_core_m10k.v Line: 647
Warning (10230): Verilog HDL assignment warning at cnn_small_core_m10k.v(660): truncated value with size 32 to match size of target (10) File: /home/raone/hardware-trojan-fpga-cnn/trojan_T4/rtl/cnn_small_core_m10k.v Line: 660
Warning (10230): Verilog HDL assignment warning at cnn_small_core_m10k.v(661): truncated value with size 32 to match size of target (13) File: /home/raone/hardware-trojan-fpga-cnn/trojan_T4/rtl/cnn_small_core_m10k.v Line: 661
Info (12128): Elaborating entity "cnn_sp_ram" for hierarchy "cnn_small_core:u_core|cnn_sp_ram:image_ram" File: /home/raone/hardware-trojan-fpga-cnn/trojan_T4/rtl/cnn_small_core_m10k.v Line: 67
Info (12128): Elaborating entity "cnn_sp_ram" for hierarchy "cnn_small_core:u_core|cnn_sp_ram:c1w_ram" File: /home/raone/hardware-trojan-fpga-cnn/trojan_T4/rtl/cnn_small_core_m10k.v Line: 72
Info (12128): Elaborating entity "cnn_sp_ram" for hierarchy "cnn_small_core:u_core|cnn_sp_ram:c2w_ram" File: /home/raone/hardware-trojan-fpga-cnn/trojan_T4/rtl/cnn_small_core_m10k.v Line: 77
Info (12128): Elaborating entity "cnn_sp_ram" for hierarchy "cnn_small_core:u_core|cnn_sp_ram:fcw_ram" File: /home/raone/hardware-trojan-fpga-cnn/trojan_T4/rtl/cnn_small_core_m10k.v Line: 82
Info (12128): Elaborating entity "cnn_sp_ram" for hierarchy "cnn_small_core:u_core|cnn_sp_ram:c1_ram" File: /home/raone/hardware-trojan-fpga-cnn/trojan_T4/rtl/cnn_small_core_m10k.v Line: 109
Info (12128): Elaborating entity "cnn_sp_ram" for hierarchy "cnn_small_core:u_core|cnn_sp_ram:p1_ram" File: /home/raone/hardware-trojan-fpga-cnn/trojan_T4/rtl/cnn_small_core_m10k.v Line: 113
Info (12128): Elaborating entity "cnn_sp_ram" for hierarchy "cnn_small_core:u_core|cnn_sp_ram:c2_ram" File: /home/raone/hardware-trojan-fpga-cnn/trojan_T4/rtl/cnn_small_core_m10k.v Line: 117
Info (12128): Elaborating entity "cnn_sp_ram" for hierarchy "cnn_small_core:u_core|cnn_sp_ram:p2_ram" File: /home/raone/hardware-trojan-fpga-cnn/trojan_T4/rtl/cnn_small_core_m10k.v Line: 121
Info (19000): Inferred 8 megafunctions from design logic
    Info (276029): Inferred altsyncram megafunction from the following design logic: "cnn_small_core:u_core|cnn_sp_ram:p2_ram|mem_rtl_0" 
        Info (286033): Parameter OPERATION_MODE set to DUAL_PORT
        Info (286033): Parameter WIDTH_A set to 32
        Info (286033): Parameter WIDTHAD_A set to 10
        Info (286033): Parameter NUMWORDS_A set to 784
        Info (286033): Parameter WIDTH_B set to 32
        Info (286033): Parameter WIDTHAD_B set to 10
        Info (286033): Parameter NUMWORDS_B set to 784
        Info (286033): Parameter ADDRESS_ACLR_A set to NONE
        Info (286033): Parameter OUTDATA_REG_B set to UNREGISTERED
        Info (286033): Parameter ADDRESS_ACLR_B set to NONE
        Info (286033): Parameter OUTDATA_ACLR_B set to NONE
        Info (286033): Parameter ADDRESS_REG_B set to CLOCK0
        Info (286033): Parameter INDATA_ACLR_A set to NONE
        Info (286033): Parameter WRCONTROL_ACLR_A set to NONE
        Info (286033): Parameter RAM_BLOCK_TYPE set to M10K
        Info (286033): Parameter READ_DURING_WRITE_MODE_MIXED_PORTS set to OLD_DATA
    Info (276029): Inferred altsyncram megafunction from the following design logic: "cnn_small_core:u_core|cnn_sp_ram:c2_ram|mem_rtl_0" 
        Info (286033): Parameter OPERATION_MODE set to DUAL_PORT
        Info (286033): Parameter WIDTH_A set to 32
        Info (286033): Parameter WIDTHAD_A set to 12
        Info (286033): Parameter NUMWORDS_A set to 3136
        Info (286033): Parameter WIDTH_B set to 32
        Info (286033): Parameter WIDTHAD_B set to 12
        Info (286033): Parameter NUMWORDS_B set to 3136
        Info (286033): Parameter ADDRESS_ACLR_A set to NONE
        Info (286033): Parameter OUTDATA_REG_B set to UNREGISTERED
        Info (286033): Parameter ADDRESS_ACLR_B set to NONE
        Info (286033): Parameter OUTDATA_ACLR_B set to NONE
        Info (286033): Parameter ADDRESS_REG_B set to CLOCK0
        Info (286033): Parameter INDATA_ACLR_A set to NONE
        Info (286033): Parameter WRCONTROL_ACLR_A set to NONE
        Info (286033): Parameter RAM_BLOCK_TYPE set to M10K
        Info (286033): Parameter READ_DURING_WRITE_MODE_MIXED_PORTS set to OLD_DATA
    Info (276029): Inferred altsyncram megafunction from the following design logic: "cnn_small_core:u_core|cnn_sp_ram:p1_ram|mem_rtl_0" 
        Info (286033): Parameter OPERATION_MODE set to DUAL_PORT
        Info (286033): Parameter WIDTH_A set to 32
        Info (286033): Parameter WIDTHAD_A set to 11
        Info (286033): Parameter NUMWORDS_A set to 1568
        Info (286033): Parameter WIDTH_B set to 32
        Info (286033): Parameter WIDTHAD_B set to 11
        Info (286033): Parameter NUMWORDS_B set to 1568
        Info (286033): Parameter ADDRESS_ACLR_A set to NONE
        Info (286033): Parameter OUTDATA_REG_B set to UNREGISTERED
        Info (286033): Parameter ADDRESS_ACLR_B set to NONE
        Info (286033): Parameter OUTDATA_ACLR_B set to NONE
        Info (286033): Parameter ADDRESS_REG_B set to CLOCK0
        Info (286033): Parameter INDATA_ACLR_A set to NONE
        Info (286033): Parameter WRCONTROL_ACLR_A set to NONE
        Info (286033): Parameter RAM_BLOCK_TYPE set to M10K
        Info (286033): Parameter READ_DURING_WRITE_MODE_MIXED_PORTS set to OLD_DATA
    Info (276029): Inferred altsyncram megafunction from the following design logic: "cnn_small_core:u_core|cnn_sp_ram:c1_ram|mem_rtl_0" 
        Info (286033): Parameter OPERATION_MODE set to DUAL_PORT
        Info (286033): Parameter WIDTH_A set to 32
        Info (286033): Parameter WIDTHAD_A set to 13
        Info (286033): Parameter NUMWORDS_A set to 6272
        Info (286033): Parameter WIDTH_B set to 32
        Info (286033): Parameter WIDTHAD_B set to 13
        Info (286033): Parameter NUMWORDS_B set to 6272
        Info (286033): Parameter ADDRESS_ACLR_A set to NONE
        Info (286033): Parameter OUTDATA_REG_B set to UNREGISTERED
        Info (286033): Parameter ADDRESS_ACLR_B set to NONE
        Info (286033): Parameter OUTDATA_ACLR_B set to NONE
        Info (286033): Parameter ADDRESS_REG_B set to CLOCK0
        Info (286033): Parameter INDATA_ACLR_A set to NONE
        Info (286033): Parameter WRCONTROL_ACLR_A set to NONE
        Info (286033): Parameter RAM_BLOCK_TYPE set to M10K
        Info (286033): Parameter READ_DURING_WRITE_MODE_MIXED_PORTS set to OLD_DATA
    Info (276029): Inferred altsyncram megafunction from the following design logic: "cnn_small_core:u_core|cnn_sp_ram:fcw_ram|mem_rtl_0" 
        Info (286033): Parameter OPERATION_MODE set to ROM
        Info (286033): Parameter WIDTH_A set to 8
        Info (286033): Parameter WIDTHAD_A set to 13
        Info (286033): Parameter NUMWORDS_A set to 7840
        Info (286033): Parameter OUTDATA_REG_A set to UNREGISTERED
        Info (286033): Parameter ADDRESS_ACLR_A set to NONE
        Info (286033): Parameter OUTDATA_ACLR_A set to NONE
        Info (286033): Parameter INDATA_ACLR_A set to NONE
        Info (286033): Parameter WRCONTROL_ACLR_A set to NONE
        Info (286033): Parameter RAM_BLOCK_TYPE set to M10K
        Info (286033): Parameter INIT_FILE set to db/cnn_full_small.ram0_cnn_sp_ram_f98867b6.hdl.mif
    Info (276029): Inferred altsyncram megafunction from the following design logic: "cnn_small_core:u_core|cnn_sp_ram:c2w_ram|mem_rtl_0" 
        Info (286033): Parameter OPERATION_MODE set to ROM
        Info (286033): Parameter WIDTH_A set to 8
        Info (286033): Parameter WIDTHAD_A set to 11
        Info (286033): Parameter NUMWORDS_A set to 1152
        Info (286033): Parameter OUTDATA_REG_A set to UNREGISTERED
        Info (286033): Parameter ADDRESS_ACLR_A set to NONE
        Info (286033): Parameter OUTDATA_ACLR_A set to NONE
        Info (286033): Parameter INDATA_ACLR_A set to NONE
        Info (286033): Parameter WRCONTROL_ACLR_A set to NONE
        Info (286033): Parameter RAM_BLOCK_TYPE set to M10K
        Info (286033): Parameter INIT_FILE set to db/cnn_full_small.ram0_cnn_sp_ram_60396215.hdl.mif
    Info (276029): Inferred altsyncram megafunction from the following design logic: "cnn_small_core:u_core|cnn_sp_ram:c1w_ram|mem_rtl_0" 
        Info (286033): Parameter OPERATION_MODE set to ROM
        Info (286033): Parameter WIDTH_A set to 8
        Info (286033): Parameter WIDTHAD_A set to 7
        Info (286033): Parameter NUMWORDS_A set to 72
        Info (286033): Parameter OUTDATA_REG_A set to UNREGISTERED
        Info (286033): Parameter ADDRESS_ACLR_A set to NONE
        Info (286033): Parameter OUTDATA_ACLR_A set to NONE
        Info (286033): Parameter INDATA_ACLR_A set to NONE
        Info (286033): Parameter WRCONTROL_ACLR_A set to NONE
        Info (286033): Parameter RAM_BLOCK_TYPE set to M10K
        Info (286033): Parameter INIT_FILE set to db/cnn_full_small.ram0_cnn_sp_ram_9b7b8551.hdl.mif
    Info (276029): Inferred altsyncram megafunction from the following design logic: "cnn_small_core:u_core|cnn_sp_ram:image_ram|mem_rtl_0" 
        Info (286033): Parameter OPERATION_MODE set to ROM
        Info (286033): Parameter WIDTH_A set to 8
        Info (286033): Parameter WIDTHAD_A set to 10
        Info (286033): Parameter NUMWORDS_A set to 784
        Info (286033): Parameter OUTDATA_REG_A set to UNREGISTERED
        Info (286033): Parameter ADDRESS_ACLR_A set to NONE
        Info (286033): Parameter OUTDATA_ACLR_A set to NONE
        Info (286033): Parameter INDATA_ACLR_A set to NONE
        Info (286033): Parameter WRCONTROL_ACLR_A set to NONE
        Info (286033): Parameter RAM_BLOCK_TYPE set to M10K
        Info (286033): Parameter INIT_FILE set to db/cnn_full_small.ram0_cnn_sp_ram_c2d32500.hdl.mif
Info (12130): Elaborated megafunction instantiation "cnn_small_core:u_core|cnn_sp_ram:p2_ram|altsyncram:mem_rtl_0"
Info (12133): Instantiated megafunction "cnn_small_core:u_core|cnn_sp_ram:p2_ram|altsyncram:mem_rtl_0" with the following parameter:
    Info (12134): Parameter "OPERATION_MODE" = "DUAL_PORT"
    Info (12134): Parameter "WIDTH_A" = "32"
    Info (12134): Parameter "WIDTHAD_A" = "10"
    Info (12134): Parameter "NUMWORDS_A" = "784"
    Info (12134): Parameter "WIDTH_B" = "32"
    Info (12134): Parameter "WIDTHAD_B" = "10"
    Info (12134): Parameter "NUMWORDS_B" = "784"
    Info (12134): Parameter "ADDRESS_ACLR_A" = "NONE"
    Info (12134): Parameter "OUTDATA_REG_B" = "UNREGISTERED"
    Info (12134): Parameter "ADDRESS_ACLR_B" = "NONE"
    Info (12134): Parameter "OUTDATA_ACLR_B" = "NONE"
    Info (12134): Parameter "ADDRESS_REG_B" = "CLOCK0"
    Info (12134): Parameter "INDATA_ACLR_A" = "NONE"
    Info (12134): Parameter "WRCONTROL_ACLR_A" = "NONE"
    Info (12134): Parameter "RAM_BLOCK_TYPE" = "M10K"
    Info (12134): Parameter "READ_DURING_WRITE_MODE_MIXED_PORTS" = "OLD_DATA"
Info (12021): Found 1 design units, including 1 entities, in source file db/altsyncram_n6p1.tdf
    Info (12023): Found entity 1: altsyncram_n6p1 File: /home/raone/hardware-trojan-fpga-cnn/trojan_T4/db/altsyncram_n6p1.tdf Line: 28
Info (12130): Elaborated megafunction instantiation "cnn_small_core:u_core|cnn_sp_ram:c2_ram|altsyncram:mem_rtl_0"
Info (12133): Instantiated megafunction "cnn_small_core:u_core|cnn_sp_ram:c2_ram|altsyncram:mem_rtl_0" with the following parameter:
    Info (12134): Parameter "OPERATION_MODE" = "DUAL_PORT"
    Info (12134): Parameter "WIDTH_A" = "32"
    Info (12134): Parameter "WIDTHAD_A" = "12"
    Info (12134): Parameter "NUMWORDS_A" = "3136"
    Info (12134): Parameter "WIDTH_B" = "32"
    Info (12134): Parameter "WIDTHAD_B" = "12"
    Info (12134): Parameter "NUMWORDS_B" = "3136"
    Info (12134): Parameter "ADDRESS_ACLR_A" = "NONE"
    Info (12134): Parameter "OUTDATA_REG_B" = "UNREGISTERED"
    Info (12134): Parameter "ADDRESS_ACLR_B" = "NONE"
    Info (12134): Parameter "OUTDATA_ACLR_B" = "NONE"
    Info (12134): Parameter "ADDRESS_REG_B" = "CLOCK0"
    Info (12134): Parameter "INDATA_ACLR_A" = "NONE"
    Info (12134): Parameter "WRCONTROL_ACLR_A" = "NONE"
    Info (12134): Parameter "RAM_BLOCK_TYPE" = "M10K"
    Info (12134): Parameter "READ_DURING_WRITE_MODE_MIXED_PORTS" = "OLD_DATA"
Info (12021): Found 1 design units, including 1 entities, in source file db/altsyncram_f9p1.tdf
    Info (12023): Found entity 1: altsyncram_f9p1 File: /home/raone/hardware-trojan-fpga-cnn/trojan_T4/db/altsyncram_f9p1.tdf Line: 28
Info (12130): Elaborated megafunction instantiation "cnn_small_core:u_core|cnn_sp_ram:p1_ram|altsyncram:mem_rtl_0"
Info (12133): Instantiated megafunction "cnn_small_core:u_core|cnn_sp_ram:p1_ram|altsyncram:mem_rtl_0" with the following parameter:
    Info (12134): Parameter "OPERATION_MODE" = "DUAL_PORT"
    Info (12134): Parameter "WIDTH_A" = "32"
    Info (12134): Parameter "WIDTHAD_A" = "11"
    Info (12134): Parameter "NUMWORDS_A" = "1568"
    Info (12134): Parameter "WIDTH_B" = "32"
    Info (12134): Parameter "WIDTHAD_B" = "11"
    Info (12134): Parameter "NUMWORDS_B" = "1568"
    Info (12134): Parameter "ADDRESS_ACLR_A" = "NONE"
    Info (12134): Parameter "OUTDATA_REG_B" = "UNREGISTERED"
    Info (12134): Parameter "ADDRESS_ACLR_B" = "NONE"
    Info (12134): Parameter "OUTDATA_ACLR_B" = "NONE"
    Info (12134): Parameter "ADDRESS_REG_B" = "CLOCK0"
    Info (12134): Parameter "INDATA_ACLR_A" = "NONE"
    Info (12134): Parameter "WRCONTROL_ACLR_A" = "NONE"
    Info (12134): Parameter "RAM_BLOCK_TYPE" = "M10K"
    Info (12134): Parameter "READ_DURING_WRITE_MODE_MIXED_PORTS" = "OLD_DATA"
Info (12021): Found 1 design units, including 1 entities, in source file db/altsyncram_r9p1.tdf
    Info (12023): Found entity 1: altsyncram_r9p1 File: /home/raone/hardware-trojan-fpga-cnn/trojan_T4/db/altsyncram_r9p1.tdf Line: 28
Info (12130): Elaborated megafunction instantiation "cnn_small_core:u_core|cnn_sp_ram:c1_ram|altsyncram:mem_rtl_0"
Info (12133): Instantiated megafunction "cnn_small_core:u_core|cnn_sp_ram:c1_ram|altsyncram:mem_rtl_0" with the following parameter:
    Info (12134): Parameter "OPERATION_MODE" = "DUAL_PORT"
    Info (12134): Parameter "WIDTH_A" = "32"
    Info (12134): Parameter "WIDTHAD_A" = "13"
    Info (12134): Parameter "NUMWORDS_A" = "6272"
    Info (12134): Parameter "WIDTH_B" = "32"
    Info (12134): Parameter "WIDTHAD_B" = "13"
    Info (12134): Parameter "NUMWORDS_B" = "6272"
    Info (12134): Parameter "ADDRESS_ACLR_A" = "NONE"
    Info (12134): Parameter "OUTDATA_REG_B" = "UNREGISTERED"
    Info (12134): Parameter "ADDRESS_ACLR_B" = "NONE"
    Info (12134): Parameter "OUTDATA_ACLR_B" = "NONE"
    Info (12134): Parameter "ADDRESS_REG_B" = "CLOCK0"
    Info (12134): Parameter "INDATA_ACLR_A" = "NONE"
    Info (12134): Parameter "WRCONTROL_ACLR_A" = "NONE"
    Info (12134): Parameter "RAM_BLOCK_TYPE" = "M10K"
    Info (12134): Parameter "READ_DURING_WRITE_MODE_MIXED_PORTS" = "OLD_DATA"
Info (12021): Found 1 design units, including 1 entities, in source file db/altsyncram_p9p1.tdf
    Info (12023): Found entity 1: altsyncram_p9p1 File: /home/raone/hardware-trojan-fpga-cnn/trojan_T4/db/altsyncram_p9p1.tdf Line: 28
Info (12130): Elaborated megafunction instantiation "cnn_small_core:u_core|cnn_sp_ram:fcw_ram|altsyncram:mem_rtl_0"
Info (12133): Instantiated megafunction "cnn_small_core:u_core|cnn_sp_ram:fcw_ram|altsyncram:mem_rtl_0" with the following parameter:
    Info (12134): Parameter "OPERATION_MODE" = "ROM"
    Info (12134): Parameter "WIDTH_A" = "8"
    Info (12134): Parameter "WIDTHAD_A" = "13"
    Info (12134): Parameter "NUMWORDS_A" = "7840"
    Info (12134): Parameter "OUTDATA_REG_A" = "UNREGISTERED"
    Info (12134): Parameter "ADDRESS_ACLR_A" = "NONE"
    Info (12134): Parameter "OUTDATA_ACLR_A" = "NONE"
    Info (12134): Parameter "INDATA_ACLR_A" = "NONE"
    Info (12134): Parameter "WRCONTROL_ACLR_A" = "NONE"
    Info (12134): Parameter "RAM_BLOCK_TYPE" = "M10K"
    Info (12134): Parameter "INIT_FILE" = "db/cnn_full_small.ram0_cnn_sp_ram_f98867b6.hdl.mif"
Info (12021): Found 1 design units, including 1 entities, in source file db/altsyncram_q4g1.tdf
    Info (12023): Found entity 1: altsyncram_q4g1 File: /home/raone/hardware-trojan-fpga-cnn/trojan_T4/db/altsyncram_q4g1.tdf Line: 28
Info (12130): Elaborated megafunction instantiation "cnn_small_core:u_core|cnn_sp_ram:c2w_ram|altsyncram:mem_rtl_0"
Info (12133): Instantiated megafunction "cnn_small_core:u_core|cnn_sp_ram:c2w_ram|altsyncram:mem_rtl_0" with the following parameter:
    Info (12134): Parameter "OPERATION_MODE" = "ROM"
    Info (12134): Parameter "WIDTH_A" = "8"
    Info (12134): Parameter "WIDTHAD_A" = "11"
    Info (12134): Parameter "NUMWORDS_A" = "1152"
    Info (12134): Parameter "OUTDATA_REG_A" = "UNREGISTERED"
    Info (12134): Parameter "ADDRESS_ACLR_A" = "NONE"
    Info (12134): Parameter "OUTDATA_ACLR_A" = "NONE"
    Info (12134): Parameter "INDATA_ACLR_A" = "NONE"
    Info (12134): Parameter "WRCONTROL_ACLR_A" = "NONE"
    Info (12134): Parameter "RAM_BLOCK_TYPE" = "M10K"
    Info (12134): Parameter "INIT_FILE" = "db/cnn_full_small.ram0_cnn_sp_ram_60396215.hdl.mif"
Info (12021): Found 1 design units, including 1 entities, in source file db/altsyncram_q0g1.tdf
    Info (12023): Found entity 1: altsyncram_q0g1 File: /home/raone/hardware-trojan-fpga-cnn/trojan_T4/db/altsyncram_q0g1.tdf Line: 28
Info (12130): Elaborated megafunction instantiation "cnn_small_core:u_core|cnn_sp_ram:c1w_ram|altsyncram:mem_rtl_0"
Info (12133): Instantiated megafunction "cnn_small_core:u_core|cnn_sp_ram:c1w_ram|altsyncram:mem_rtl_0" with the following parameter:
    Info (12134): Parameter "OPERATION_MODE" = "ROM"
    Info (12134): Parameter "WIDTH_A" = "8"
    Info (12134): Parameter "WIDTHAD_A" = "7"
    Info (12134): Parameter "NUMWORDS_A" = "72"
    Info (12134): Parameter "OUTDATA_REG_A" = "UNREGISTERED"
    Info (12134): Parameter "ADDRESS_ACLR_A" = "NONE"
    Info (12134): Parameter "OUTDATA_ACLR_A" = "NONE"
    Info (12134): Parameter "INDATA_ACLR_A" = "NONE"
    Info (12134): Parameter "WRCONTROL_ACLR_A" = "NONE"
    Info (12134): Parameter "RAM_BLOCK_TYPE" = "M10K"
    Info (12134): Parameter "INIT_FILE" = "db/cnn_full_small.ram0_cnn_sp_ram_9b7b8551.hdl.mif"
Info (12021): Found 1 design units, including 1 entities, in source file db/altsyncram_mvf1.tdf
    Info (12023): Found entity 1: altsyncram_mvf1 File: /home/raone/hardware-trojan-fpga-cnn/trojan_T4/db/altsyncram_mvf1.tdf Line: 28
Info (12130): Elaborated megafunction instantiation "cnn_small_core:u_core|cnn_sp_ram:image_ram|altsyncram:mem_rtl_0"
Info (12133): Instantiated megafunction "cnn_small_core:u_core|cnn_sp_ram:image_ram|altsyncram:mem_rtl_0" with the following parameter:
    Info (12134): Parameter "OPERATION_MODE" = "ROM"
    Info (12134): Parameter "WIDTH_A" = "8"
    Info (12134): Parameter "WIDTHAD_A" = "10"
    Info (12134): Parameter "NUMWORDS_A" = "784"
    Info (12134): Parameter "OUTDATA_REG_A" = "UNREGISTERED"
    Info (12134): Parameter "ADDRESS_ACLR_A" = "NONE"
    Info (12134): Parameter "OUTDATA_ACLR_A" = "NONE"
    Info (12134): Parameter "INDATA_ACLR_A" = "NONE"
    Info (12134): Parameter "WRCONTROL_ACLR_A" = "NONE"
    Info (12134): Parameter "RAM_BLOCK_TYPE" = "M10K"
    Info (12134): Parameter "INIT_FILE" = "db/cnn_full_small.ram0_cnn_sp_ram_c2d32500.hdl.mif"
Info (12021): Found 1 design units, including 1 entities, in source file db/altsyncram_62g1.tdf
    Info (12023): Found entity 1: altsyncram_62g1 File: /home/raone/hardware-trojan-fpga-cnn/trojan_T4/db/altsyncram_62g1.tdf Line: 28
Info (286030): Timing-Driven Synthesis is running
Info (17049): 7 registers lost all their fanouts during netlist optimizations.
Info (144001): Generated suppressed messages file /home/raone/hardware-trojan-fpga-cnn/trojan_T4/cnn_full_small.map.smsg
Info (16010): Generating hard_block partition "hard_block:auto_generated_inst"
    Info (16011): Adding 0 node(s), including 0 DDIO, 0 PLL, 0 transceiver and 0 LCELL
Info (21057): Implemented 2516 device resources after synthesis - the final resource count might be different
    Info (21058): Implemented 2 input pins
    Info (21059): Implemented 6 output pins
    Info (21061): Implemented 2335 logic cells
    Info (21064): Implemented 160 RAM segments
    Info (21062): Implemented 13 DSP elements
Info: Quartus Prime Analysis & Synthesis was successful. 0 errors, 31 warnings
    Info: Peak virtual memory: 564 megabytes
    Info: Processing ended: Tue Oct  6 22:16:09 2026
    Info: Elapsed time: 00:00:11
    Info: Total CPU time (on all processors): 00:00:19
Info: *******************************************************************
Info: Running Quartus Prime Fitter
    Info: Version 25.1std.0 Build 1129 10/21/2025 SC Lite Edition
    Info: Processing started: Tue Oct  6 22:16:10 2026
Info: Command: quartus_fit --read_settings_files=off --write_settings_files=off cnn_full_small -c cnn_full_small
Info: qfit2_default_script.tcl version: #1
Info: Project  = cnn_full_small
Info: Revision = cnn_full_small
Info (20032): Parallel compilation is enabled and will use up to 8 processors
Info (119006): Selected device 5CSXFC6D6F31C6 for design "cnn_full_small"
Info (21076): High junction temperature operating condition is not set. Assuming a default value of '85'.
Info (21076): Low junction temperature operating condition is not set. Assuming a default value of '0'.
Info (171003): Fitter is performing an Auto Fit compilation, which may decrease Fitter effort to reduce compilation time
Warning (292013): Feature LogicLock is only available with a valid subscription license. You can purchase a software subscription to gain full access to this feature.
Warning (15714): Some pins have incomplete I/O assignments. Refer to the I/O Assignment Warnings report for details
Info (176045): Design uses memory blocks. Violating setup or hold times of memory block address registers for either read or write operations could cause memory contents to be corrupted. Make sure that all memory block address registers meet the setup and hold time requirements.
Info (184020): Starting Fitter periphery placement operations
Info (11191): Automatically promoted 1 clock (1 global)
    Info (11162): CLOCK_50~inputCLKENA0 with 980 fanout uses global clock CLKCTRL_G5
Info (184021): Fitter periphery placement operations ending: elapsed time is 00:00:00
Info (176233): Starting register packing
Info (332104): Reading SDC File: 'cnn_full_small.sdc'
Info (332143): No user constrained clock uncertainty found in the design. Calling "derive_clock_uncertainty"
Info (332123): Deriving Clock Uncertainty. Please refer to report_sdc in the Timing Analyzer to see clock uncertainties.
Info (332129): Detected timing requirements -- optimizing circuit to achieve only the specified requirements
Info (332111): Found 1 clocks
    Info (332111):   Period   Clock Name
    Info (332111): ======== ============
    Info (332111):   20.000     CLOCK_50
Info (176235): Finished register packing
    Extra Info (176218): Packed 126 registers into blocks of type DSP block
    Extra Info (176220): Created 126 register duplicates
Info (11798): Fitter preparation operations ending: elapsed time is 00:00:08
Info (170189): Fitter placement preparation operations beginning
Info (14951): The Fitter is using Advanced Physical Optimization.
Info (170190): Fitter placement preparation operations ending: elapsed time is 00:00:13
Info (170191): Fitter placement operations beginning
Info (170137): Fitter placement was successful
Info (170192): Fitter placement operations ending: elapsed time is 00:00:01
Info (170193): Fitter routing operations beginning
Info (170195): Router estimated average interconnect usage is 1% of the available device resources
    Info (170196): Router estimated peak interconnect usage is 15% of the available device resources in the region that extends from location X22_Y11 to location X32_Y22
Info (170199): The Fitter performed an Auto Fit compilation.  Optimizations were skipped to reduce compilation time.
    Info (170201): Optimizations that may affect the design's routability were skipped
    Info (170200): Optimizations that may affect the design's timing were skipped
Info (170194): Fitter routing operations ending: elapsed time is 00:00:03
Info (11888): Total time spent on timing analysis during the Fitter is 2.88 seconds.
Info (334003): Started post-fitting delay annotation
Info (334004): Delay annotation completed successfully
Info (334003): Started post-fitting delay annotation
Info (334004): Delay annotation completed successfully
Info (11801): Fitter post-fit operations ending: elapsed time is 00:00:11
Info: Quartus Prime Fitter was successful. 0 errors, 2 warnings
    Info: Peak virtual memory: 2200 megabytes
    Info: Processing ended: Tue Oct  6 22:17:18 2026
    Info: Elapsed time: 00:01:08
    Info: Total CPU time (on all processors): 00:02:43
Info: *******************************************************************
Info: Running Quartus Prime Assembler
    Info: Version 25.1std.0 Build 1129 10/21/2025 SC Lite Edition
    Info: Processing started: Tue Oct  6 22:17:19 2026
Info: Command: quartus_asm --read_settings_files=off --write_settings_files=off cnn_full_small -c cnn_full_small
Info (115030): Assembler is generating device programming files
Info: Quartus Prime Assembler was successful. 0 errors, 0 warnings
    Info: Peak virtual memory: 546 megabytes
    Info: Processing ended: Tue Oct  6 22:17:24 2026
    Info: Elapsed time: 00:00:05
    Info: Total CPU time (on all processors): 00:00:05
Info (293026): Skipped module Power Analyzer due to the assignment FLOW_ENABLE_POWER_ANALYZER
Info: *******************************************************************
Info: Running Quartus Prime Timing Analyzer
    Info: Version 25.1std.0 Build 1129 10/21/2025 SC Lite Edition
    Info: Processing started: Tue Oct  6 22:17:25 2026
Info: Command: quartus_sta cnn_full_small -c cnn_full_small
Info: qsta_default_script.tcl version: #1
Info (20032): Parallel compilation is enabled and will use up to 8 processors
Info (21076): High junction temperature operating condition is not set. Assuming a default value of '85'.
Info (21076): Low junction temperature operating condition is not set. Assuming a default value of '0'.
Info (332104): Reading SDC File: 'cnn_full_small.sdc'
Info (332143): No user constrained clock uncertainty found in the design. Calling "derive_clock_uncertainty"
Info (332123): Deriving Clock Uncertainty. Please refer to report_sdc in the Timing Analyzer to see clock uncertainties.
Info: Found TIMING_ANALYZER_REPORT_SCRIPT_INCLUDE_DEFAULT_ANALYSIS = ON
Info: Analyzing Slow 1100mV 85C Model
Info (332146): Worst-case setup slack is 5.786
    Info (332119):     Slack       End Point TNS Clock 
    Info (332119): ========= =================== =====================
    Info (332119):     5.786               0.000 CLOCK_50 
Info (332146): Worst-case hold slack is 0.242
    Info (332119):     Slack       End Point TNS Clock 
    Info (332119): ========= =================== =====================
    Info (332119):     0.242               0.000 CLOCK_50 
Info (332140): No Recovery paths to report
Info (332140): No Removal paths to report
Info (332146): Worst-case minimum pulse width slack is 8.865
    Info (332119):     Slack       End Point TNS Clock 
    Info (332119): ========= =================== =====================
    Info (332119):     8.865               0.000 CLOCK_50 
Info: Analyzing Slow 1100mV 0C Model
Info (334003): Started post-fitting delay annotation
Info (334004): Delay annotation completed successfully
Info (332123): Deriving Clock Uncertainty. Please refer to report_sdc in the Timing Analyzer to see clock uncertainties.
Info (332146): Worst-case setup slack is 5.581
    Info (332119):     Slack       End Point TNS Clock 
    Info (332119): ========= =================== =====================
    Info (332119):     5.581               0.000 CLOCK_50 
Info (332146): Worst-case hold slack is 0.211
    Info (332119):     Slack       End Point TNS Clock 
    Info (332119): ========= =================== =====================
    Info (332119):     0.211               0.000 CLOCK_50 
Info (332140): No Recovery paths to report
Info (332140): No Removal paths to report
Info (332146): Worst-case minimum pulse width slack is 8.898
    Info (332119):     Slack       End Point TNS Clock 
    Info (332119): ========= =================== =====================
    Info (332119):     8.898               0.000 CLOCK_50 
Info: Analyzing Fast 1100mV 85C Model
Info (334003): Started post-fitting delay annotation
Info (334004): Delay annotation completed successfully
Info (332123): Deriving Clock Uncertainty. Please refer to report_sdc in the Timing Analyzer to see clock uncertainties.
Info (332146): Worst-case setup slack is 11.725
    Info (332119):     Slack       End Point TNS Clock 
    Info (332119): ========= =================== =====================
    Info (332119):    11.725               0.000 CLOCK_50 
Info (332146): Worst-case hold slack is 0.137
    Info (332119):     Slack       End Point TNS Clock 
    Info (332119): ========= =================== =====================
    Info (332119):     0.137               0.000 CLOCK_50 
Info (332140): No Recovery paths to report
Info (332140): No Removal paths to report
Info (332146): Worst-case minimum pulse width slack is 8.474
    Info (332119):     Slack       End Point TNS Clock 
    Info (332119): ========= =================== =====================
    Info (332119):     8.474               0.000 CLOCK_50 
Info: Analyzing Fast 1100mV 0C Model
Info (332123): Deriving Clock Uncertainty. Please refer to report_sdc in the Timing Analyzer to see clock uncertainties.
Info (332146): Worst-case setup slack is 12.212
    Info (332119):     Slack       End Point TNS Clock 
    Info (332119): ========= =================== =====================
    Info (332119):    12.212               0.000 CLOCK_50 
Info (332146): Worst-case hold slack is 0.105
    Info (332119):     Slack       End Point TNS Clock 
    Info (332119): ========= =================== =====================
    Info (332119):     0.105               0.000 CLOCK_50 
Info (332140): No Recovery paths to report
Info (332140): No Removal paths to report
Info (332146): Worst-case minimum pulse width slack is 8.429
    Info (332119):     Slack       End Point TNS Clock 
    Info (332119): ========= =================== =====================
    Info (332119):     8.429               0.000 CLOCK_50 
Info (332102): Design is not fully constrained for setup requirements
Info (332102): Design is not fully constrained for hold requirements
Info: Quartus Prime Timing Analyzer was successful. 0 errors, 0 warnings
    Info: Peak virtual memory: 933 megabytes
    Info: Processing ended: Tue Oct  6 22:17:31 2026
    Info: Elapsed time: 00:00:06
    Info: Total CPU time (on all processors): 00:00:14
Info (293000): Quartus Prime Full Compilation was successful. 0 errors, 33 warnings
Info (23030): Evaluation of Tcl script /home/raone/intelFPGA/25.1lite/quartus/common/tcl/internal/qsh_flow.tcl was successful
Info: Quartus Prime Shell was successful. 0 errors, 33 warnings
    Info: Peak virtual memory: 465 megabytes
    Info: Processing ended: Tue Oct  6 22:17:32 2026
    Info: Elapsed time: 00:01:35
    Info: Total CPU time (on all processors): 00:03:24
